// Jest Snapshot v1, https://goo.gl/fbAQLP

exports[`Spaces component should list spaces 1`] = `
<div class="oc-py-s oc-px-m"><button aria-label="Create a new space" type="button" class="oc-mb-l oc-button oc-button-m oc-button-justify-content-center oc-button-gap-m oc-button-primary" id="new-space-menu-btn" data-testid="spaces-list-create-space-btn"><span class="oc-icon oc-icon-m oc-icon-passive"><!----></span>
    <translate-stub tag="span">Create Space</translate-stub>
  </button>
  <div class="oc-pb-xl oc-border-b"><span>Store your project related files in Spaces for seamless collaboration.</span></div>
  <div class="spaces-list oc-mt-l"><input id="space-image-upload-input" type="file" name="file" multiple="multiple" tabindex="-1" accept="image/*">
    <ul class="
          oc-grid
          oc-grid-match
          oc-grid-column-small
          oc-grid-row-large
          oc-text-center
          oc-child-width-1-3@m
          oc-child-width-1-4@l
          oc-child-width-1-5@xl
        ">
      <li class="oc-mb-m">
        <div class="spaces-list-card oc-card oc-card-default oc-rounded">
          <div class="oc-card-media-top oc-border-b"><a href="#/" aria-current="page" class="router-link-exact-active router-link-active">
              <!----> <span class="space-default-image oc-px-m oc-py-m oc-icon oc-icon-xxl oc-icon-passive"><!----></span>
            </a></div>
          <div class="oc-card-body oc-p-s">
            <div class="oc-flex oc-flex-between oc-flex-middle">
              <div class="oc-flex oc-flex-middle"><span class="oc-mr-s oc-icon oc-icon-m oc-icon-passive"><!----></span> <a href="#/" aria-current="page" class="space-name oc-text-left router-link-exact-active router-link-active"><span></span></a></div>
              <div class="oc-flex oc-flex-middle">
                <div><button aria-label="Show members" type="button" class="oc-button oc-button-m oc-button-justify-content-center oc-button-gap-m oc-button-passive oc-button-passive-raw"><span class="oc-icon oc-icon-m oc-icon-passive"><!----></span></button></div>
                <div><button aria-label="Show context menu" type="button" class="oc-button oc-button-m oc-button-justify-content-center oc-button-gap-m oc-button-passive oc-button-passive-raw" id="space-context-btn-1"><span class="oc-icon oc-icon-m oc-icon-passive"><!----></span></button>
                  <div id="space-context-drop-1" class="oc-drop oc-box-shadow-medium oc-rounded" options="[object Object]">
                    <div class="oc-card oc-card-body oc-rounded oc-background-secondary oc-p-s">
                      <ul class="oc-list oc-files-context-actions">
                        <li class="oc-files-context-action oc-px-s"><button type="button" class="oc-button oc-button-m oc-button-justify-content-left oc-button-gap-m oc-button-passive oc-button-passive-raw"><span class="oc-flex oc-icon oc-icon-m oc-icon-passive"><!----></span>
                            Deleted Files
                          </button></li>
                        <li class="oc-files-context-action oc-px-s"><button type="button" class="oc-button oc-button-m oc-button-justify-content-left oc-button-gap-m oc-button-passive oc-button-passive-raw"><span class="oc-flex oc-icon oc-icon-m oc-icon-passive"><!----></span>
                            Details
                          </button></li>
                      </ul>
                    </div>
                  </div>
                </div>
              </div>
            </div>
            <!---->
          </div>
        </div>
      </li>
    </ul>
  </div>
</div>
`;
